2025-12-24 20:43:12 [main] ERROR BaseClass - This is a Error message
2025-12-24 20:43:12 [main] FATAL BaseClass - This is a Fatal message
2025-12-24 20:44:00 [main] ERROR BaseClass - This is a Error message
2025-12-24 20:44:00 [main] FATAL BaseClass - This is a Fatal message
2025-12-24 20:44:09 [main] ERROR BaseClass - This is a Error message
2025-12-24 20:44:09 [main] FATAL BaseClass - This is a Fatal message
2025-12-24 21:11:58 [main] ERROR BaseClass - This is a Error message
2025-12-24 21:11:58 [main] FATAL BaseClass - This is a Fatal message
2025-12-24 21:12:08 [main] ERROR BaseClass - This is a Error message
2025-12-24 21:12:08 [main] FATAL BaseClass - This is a Fatal message
2025-12-25 22:38:35 [main] ERROR BaseClass - This is a Error message
2025-12-25 22:38:35 [main] FATAL BaseClass - This is a Fatal message
2025-12-25 22:38:45 [main] ERROR BaseClass - This is a Error message
2025-12-25 22:38:45 [main] FATAL BaseClass - This is a Fatal message
2025-12-25 22:44:15 [main] ERROR BaseClass - This is a Error message
2025-12-25 22:44:15 [main] FATAL BaseClass - This is a Fatal message
2025-12-25 22:44:26 [main] ERROR BaseClass - This is a Error message
2025-12-25 22:44:26 [main] FATAL BaseClass - This is a Fatal message
2025-12-26 19:19:26 [TestNG-test-OrangeHRMTest-4] ERROR BaseClass - This is a Error message
2025-12-26 19:19:26 [TestNG-test-OrangeHRMTest-4] FATAL BaseClass - This is a Fatal message
2025-12-26 19:19:30 [TestNG-test-OrangeHRMTest-2] ERROR BaseClass - This is a Error message
2025-12-26 19:19:30 [TestNG-test-OrangeHRMTest-2] FATAL BaseClass - This is a Fatal message
2025-12-26 19:19:30 [TestNG-test-OrangeHRMTest-4] ERROR ActionDriver - Unable to enter value: Error communicating with the remote browser. It may have died.
Build info: version: '4.39.0', revision: '126f156aee'
System info: os.name: 'Windows 11', os.arch: 'amd64', os.version: '10.0', java.version: '23'
Driver info: org.openqa.selenium.chrome.ChromeDriver
Command: [ac9a291a8903d790bfd48700b5e14c2e, findElement [value, using]]
Capabilities {acceptInsecureCerts: false, browserName: chrome, browserVersion: 143.0.7499.147, chrome: {chromedriverVersion: 143.0.7499.169 (164b20aab62..., userDataDir: C:\Users\pinku\AppData\Loca...}, fedcm:accounts: true, goog:chromeOptions: {debuggerAddress: localhost:53479}, goog:processID: 22440, networkConnectionEnabled: false, pageLoadStrategy: normal, platformName: windows, proxy: Proxy(), se:cdp: ws://localhost:53479/devtoo..., se:cdpVersion: 143.0.7499.147, setWindowRect: true, strictFileInteractability: false, timeouts: {implicit: 0, pageLoad: 300000, script: 30000}, unhandledPromptBehavior: dismiss and notify, webauthn:extension:credBlob: true, webauthn:extension:largeBlob: true, webauthn:extension:minPinLength: true, webauthn:extension:prf: true, webauthn:virtualAuthenticators: true}
Session ID: ac9a291a8903d790bfd48700b5e14c2e
2025-12-26 19:19:30 [TestNG-test-OrangeHRMTest-4] ERROR ActionDriver - Element is not visible: Error communicating with the remote browser. It may have died.
Build info: version: '4.39.0', revision: '126f156aee'
System info: os.name: 'Windows 11', os.arch: 'amd64', os.version: '10.0', java.version: '23'
Driver info: org.openqa.selenium.chrome.ChromeDriver
Command: [ac9a291a8903d790bfd48700b5e14c2e, findElement [value, using]]
Capabilities {acceptInsecureCerts: false, browserName: chrome, browserVersion: 143.0.7499.147, chrome: {chromedriverVersion: 143.0.7499.169 (164b20aab62..., userDataDir: C:\Users\pinku\AppData\Loca...}, fedcm:accounts: true, goog:chromeOptions: {debuggerAddress: localhost:53479}, goog:processID: 22440, networkConnectionEnabled: false, pageLoadStrategy: normal, platformName: windows, proxy: Proxy(), se:cdp: ws://localhost:53479/devtoo..., se:cdpVersion: 143.0.7499.147, setWindowRect: true, strictFileInteractability: false, timeouts: {implicit: 0, pageLoad: 300000, script: 30000}, unhandledPromptBehavior: dismiss and notify, webauthn:extension:credBlob: true, webauthn:extension:largeBlob: true, webauthn:extension:minPinLength: true, webauthn:extension:prf: true, webauthn:virtualAuthenticators: true}
Session ID: ac9a291a8903d790bfd48700b5e14c2e
2025-12-26 19:19:30 [TestNG-test-OrangeHRMTest-4] ERROR ActionDriver - Unable to enter value: Error communicating with the remote browser. It may have died.
Build info: version: '4.39.0', revision: '126f156aee'
System info: os.name: 'Windows 11', os.arch: 'amd64', os.version: '10.0', java.version: '23'
Driver info: org.openqa.selenium.chrome.ChromeDriver
Command: [ac9a291a8903d790bfd48700b5e14c2e, findElement [value, using]]
Capabilities {acceptInsecureCerts: false, browserName: chrome, browserVersion: 143.0.7499.147, chrome: {chromedriverVersion: 143.0.7499.169 (164b20aab62..., userDataDir: C:\Users\pinku\AppData\Loca...}, fedcm:accounts: true, goog:chromeOptions: {debuggerAddress: localhost:53479}, goog:processID: 22440, networkConnectionEnabled: false, pageLoadStrategy: normal, platformName: windows, proxy: Proxy(), se:cdp: ws://localhost:53479/devtoo..., se:cdpVersion: 143.0.7499.147, setWindowRect: true, strictFileInteractability: false, timeouts: {implicit: 0, pageLoad: 300000, script: 30000}, unhandledPromptBehavior: dismiss and notify, webauthn:extension:credBlob: true, webauthn:extension:largeBlob: true, webauthn:extension:minPinLength: true, webauthn:extension:prf: true, webauthn:virtualAuthenticators: true}
Session ID: ac9a291a8903d790bfd48700b5e14c2e
2025-12-26 19:19:30 [TestNG-test-OrangeHRMTest-4] ERROR ActionDriver - Unable to describe the element: Error communicating with the remote browser. It may have died.
Build info: version: '4.39.0', revision: '126f156aee'
System info: os.name: 'Windows 11', os.arch: 'amd64', os.version: '10.0', java.version: '23'
Driver info: org.openqa.selenium.chrome.ChromeDriver
Command: [ac9a291a8903d790bfd48700b5e14c2e, findElement [value, using]]
Capabilities {acceptInsecureCerts: false, browserName: chrome, browserVersion: 143.0.7499.147, chrome: {chromedriverVersion: 143.0.7499.169 (164b20aab62..., userDataDir: C:\Users\pinku\AppData\Loca...}, fedcm:accounts: true, goog:chromeOptions: {debuggerAddress: localhost:53479}, goog:processID: 22440, networkConnectionEnabled: false, pageLoadStrategy: normal, platformName: windows, proxy: Proxy(), se:cdp: ws://localhost:53479/devtoo..., se:cdpVersion: 143.0.7499.147, setWindowRect: true, strictFileInteractability: false, timeouts: {implicit: 0, pageLoad: 300000, script: 30000}, unhandledPromptBehavior: dismiss and notify, webauthn:extension:credBlob: true, webauthn:extension:largeBlob: true, webauthn:extension:minPinLength: true, webauthn:extension:prf: true, webauthn:virtualAuthenticators: true}
Session ID: ac9a291a8903d790bfd48700b5e14c2e
2025-12-26 19:19:30 [TestNG-test-OrangeHRMTest-4] ERROR ActionDriver - Element is not clickable: Error communicating with the remote browser. It may have died.
Build info: version: '4.39.0', revision: '126f156aee'
System info: os.name: 'Windows 11', os.arch: 'amd64', os.version: '10.0', java.version: '23'
Driver info: org.openqa.selenium.chrome.ChromeDriver
Command: [ac9a291a8903d790bfd48700b5e14c2e, findElement [value, using]]
Capabilities {acceptInsecureCerts: false, browserName: chrome, browserVersion: 143.0.7499.147, chrome: {chromedriverVersion: 143.0.7499.169 (164b20aab62..., userDataDir: C:\Users\pinku\AppData\Loca...}, fedcm:accounts: true, goog:chromeOptions: {debuggerAddress: localhost:53479}, goog:processID: 22440, networkConnectionEnabled: false, pageLoadStrategy: normal, platformName: windows, proxy: Proxy(), se:cdp: ws://localhost:53479/devtoo..., se:cdpVersion: 143.0.7499.147, setWindowRect: true, strictFileInteractability: false, timeouts: {implicit: 0, pageLoad: 300000, script: 30000}, unhandledPromptBehavior: dismiss and notify, webauthn:extension:credBlob: true, webauthn:extension:largeBlob: true, webauthn:extension:minPinLength: true, webauthn:extension:prf: true, webauthn:virtualAuthenticators: true}
Session ID: ac9a291a8903d790bfd48700b5e14c2e
2025-12-26 19:19:30 [TestNG-test-OrangeHRMTest-4] ERROR ActionDriver - Unable to click element
2025-12-26 19:19:30 [TestNG-test-OrangeHRMTest-4] ERROR ActionDriver - Element is not visible: Error communicating with the remote browser. It may have died.
Build info: version: '4.39.0', revision: '126f156aee'
System info: os.name: 'Windows 11', os.arch: 'amd64', os.version: '10.0', java.version: '23'
Driver info: org.openqa.selenium.chrome.ChromeDriver
Command: [ac9a291a8903d790bfd48700b5e14c2e, findElement [value, using]]
Capabilities {acceptInsecureCerts: false, browserName: chrome, browserVersion: 143.0.7499.147, chrome: {chromedriverVersion: 143.0.7499.169 (164b20aab62..., userDataDir: C:\Users\pinku\AppData\Loca...}, fedcm:accounts: true, goog:chromeOptions: {debuggerAddress: localhost:53479}, goog:processID: 22440, networkConnectionEnabled: false, pageLoadStrategy: normal, platformName: windows, proxy: Proxy(), se:cdp: ws://localhost:53479/devtoo..., se:cdpVersion: 143.0.7499.147, setWindowRect: true, strictFileInteractability: false, timeouts: {implicit: 0, pageLoad: 300000, script: 30000}, unhandledPromptBehavior: dismiss and notify, webauthn:extension:credBlob: true, webauthn:extension:largeBlob: true, webauthn:extension:minPinLength: true, webauthn:extension:prf: true, webauthn:virtualAuthenticators: true}
Session ID: ac9a291a8903d790bfd48700b5e14c2e
2025-12-26 19:19:30 [TestNG-test-OrangeHRMTest-4] ERROR ActionDriver - Unable to describe the element: Error communicating with the remote browser. It may have died.
Build info: version: '4.39.0', revision: '126f156aee'
System info: os.name: 'Windows 11', os.arch: 'amd64', os.version: '10.0', java.version: '23'
Driver info: org.openqa.selenium.chrome.ChromeDriver
Command: [ac9a291a8903d790bfd48700b5e14c2e, findElement [value, using]]
Capabilities {acceptInsecureCerts: false, browserName: chrome, browserVersion: 143.0.7499.147, chrome: {chromedriverVersion: 143.0.7499.169 (164b20aab62..., userDataDir: C:\Users\pinku\AppData\Loca...}, fedcm:accounts: true, goog:chromeOptions: {debuggerAddress: localhost:53479}, goog:processID: 22440, networkConnectionEnabled: false, pageLoadStrategy: normal, platformName: windows, proxy: Proxy(), se:cdp: ws://localhost:53479/devtoo..., se:cdpVersion: 143.0.7499.147, setWindowRect: true, strictFileInteractability: false, timeouts: {implicit: 0, pageLoad: 300000, script: 30000}, unhandledPromptBehavior: dismiss and notify, webauthn:extension:credBlob: true, webauthn:extension:largeBlob: true, webauthn:extension:minPinLength: true, webauthn:extension:prf: true, webauthn:virtualAuthenticators: true}
Session ID: ac9a291a8903d790bfd48700b5e14c2e
2025-12-26 19:19:30 [TestNG-test-OrangeHRMTest-4] ERROR ActionDriver - Element is not displayed: Error communicating with the remote browser. It may have died.
Build info: version: '4.39.0', revision: '126f156aee'
System info: os.name: 'Windows 11', os.arch: 'amd64', os.version: '10.0', java.version: '23'
Driver info: org.openqa.selenium.chrome.ChromeDriver
Command: [ac9a291a8903d790bfd48700b5e14c2e, findElement [value, using]]
Capabilities {acceptInsecureCerts: false, browserName: chrome, browserVersion: 143.0.7499.147, chrome: {chromedriverVersion: 143.0.7499.169 (164b20aab62..., userDataDir: C:\Users\pinku\AppData\Loca...}, fedcm:accounts: true, goog:chromeOptions: {debuggerAddress: localhost:53479}, goog:processID: 22440, networkConnectionEnabled: false, pageLoadStrategy: normal, platformName: windows, proxy: Proxy(), se:cdp: ws://localhost:53479/devtoo..., se:cdpVersion: 143.0.7499.147, setWindowRect: true, strictFileInteractability: false, timeouts: {implicit: 0, pageLoad: 300000, script: 30000}, unhandledPromptBehavior: dismiss and notify, webauthn:extension:credBlob: true, webauthn:extension:largeBlob: true, webauthn:extension:minPinLength: true, webauthn:extension:prf: true, webauthn:virtualAuthenticators: true}
Session ID: ac9a291a8903d790bfd48700b5e14c2e
2025-12-26 19:19:31 [TestNG-test-OrangeHRMTest-3] ERROR BaseClass - This is a Error message
2025-12-26 19:19:31 [TestNG-test-OrangeHRMTest-3] FATAL BaseClass - This is a Fatal message
2025-12-26 19:19:31 [TestNG-test-OrangeHRMTest-1] ERROR BaseClass - This is a Error message
2025-12-26 19:19:31 [TestNG-test-OrangeHRMTest-1] FATAL BaseClass - This is a Fatal message
2025-12-26 19:37:56 [TestNG-test-OrangeHRMTest-3] ERROR BaseClass - This is a Error message
2025-12-26 19:37:56 [TestNG-test-OrangeHRMTest-3] FATAL BaseClass - This is a Fatal message
2025-12-26 19:37:57 [TestNG-test-OrangeHRMTest-2] ERROR BaseClass - This is a Error message
2025-12-26 19:37:57 [TestNG-test-OrangeHRMTest-2] FATAL BaseClass - This is a Fatal message
2025-12-26 19:37:57 [TestNG-test-OrangeHRMTest-4] ERROR BaseClass - This is a Error message
2025-12-26 19:37:57 [TestNG-test-OrangeHRMTest-4] FATAL BaseClass - This is a Fatal message
2025-12-26 19:37:57 [TestNG-test-OrangeHRMTest-1] ERROR BaseClass - This is a Error message
2025-12-26 19:37:57 [TestNG-test-OrangeHRMTest-1] FATAL BaseClass - This is a Fatal message
2025-12-26 19:38:08 [TestNG-test-OrangeHRMTest-3] ERROR BaseClass - This is a Error message
2025-12-26 19:38:08 [TestNG-test-OrangeHRMTest-3] FATAL BaseClass - This is a Fatal message
2025-12-26 19:40:04 [TestNG-tests-1] ERROR BaseClass - This is a Error message
2025-12-26 19:40:04 [TestNG-tests-1] FATAL BaseClass - This is a Fatal message
2025-12-26 19:40:12 [TestNG-tests-1] ERROR BaseClass - This is a Error message
2025-12-26 19:40:12 [TestNG-tests-1] FATAL BaseClass - This is a Fatal message
2025-12-26 19:40:19 [TestNG-tests-1] ERROR BaseClass - This is a Error message
2025-12-26 19:40:19 [TestNG-tests-1] FATAL BaseClass - This is a Fatal message
2025-12-26 19:40:28 [TestNG-tests-1] ERROR BaseClass - This is a Error message
2025-12-26 19:40:28 [TestNG-tests-1] FATAL BaseClass - This is a Fatal message
2025-12-26 19:40:45 [TestNG-tests-1] ERROR BaseClass - This is a Error message
2025-12-26 19:40:45 [TestNG-tests-1] FATAL BaseClass - This is a Fatal message
2025-12-26 19:43:29 [TestNG-test-OrangeHRMTest-3] ERROR BaseClass - This is a Error message
2025-12-26 19:43:29 [TestNG-test-OrangeHRMTest-3] FATAL BaseClass - This is a Fatal message
2025-12-26 19:43:29 [TestNG-test-OrangeHRMTest-5] ERROR BaseClass - This is a Error message
2025-12-26 19:43:29 [TestNG-test-OrangeHRMTest-5] FATAL BaseClass - This is a Fatal message
2025-12-26 19:43:29 [TestNG-test-OrangeHRMTest-1] ERROR BaseClass - This is a Error message
2025-12-26 19:43:29 [TestNG-test-OrangeHRMTest-1] FATAL BaseClass - This is a Fatal message
2025-12-26 19:43:30 [TestNG-test-OrangeHRMTest-2] ERROR BaseClass - This is a Error message
2025-12-26 19:43:30 [TestNG-test-OrangeHRMTest-2] FATAL BaseClass - This is a Fatal message
2025-12-26 19:43:31 [TestNG-test-OrangeHRMTest-4] ERROR BaseClass - This is a Error message
2025-12-26 19:43:31 [TestNG-test-OrangeHRMTest-4] FATAL BaseClass - This is a Fatal message
2025-12-26 19:43:56 [TestNG-test-OrangeHRMTest-3] ERROR ActionDriver - Element is not visible: Session ID is null. Using WebDriver after calling quit()?
Build info: version: '4.39.0', revision: '126f156aee'
System info: os.name: 'Windows 11', os.arch: 'amd64', os.version: '10.0', java.version: '23'
Driver info: org.openqa.selenium.chrome.ChromeDriver
Command: [null, findElement {using=xpath, value=//p[text()='Invalid credentials']}]
Capabilities {acceptInsecureCerts: false, browserName: chrome, browserVersion: 143.0.7499.147, chrome: {chromedriverVersion: 143.0.7499.169 (164b20aab62..., userDataDir: C:\Users\pinku\AppData\Loca...}, fedcm:accounts: true, goog:chromeOptions: {debuggerAddress: localhost:61845}, goog:processID: 17856, networkConnectionEnabled: false, pageLoadStrategy: normal, platformName: windows, proxy: Proxy(), se:cdp: ws://localhost:61845/devtoo..., se:cdpVersion: 143.0.7499.147, setWindowRect: true, strictFileInteractability: false, timeouts: {implicit: 0, pageLoad: 300000, script: 30000}, unhandledPromptBehavior: dismiss and notify, webauthn:extension:credBlob: true, webauthn:extension:largeBlob: true, webauthn:extension:minPinLength: true, webauthn:extension:prf: true, webauthn:virtualAuthenticators: true}
2025-12-26 19:43:56 [TestNG-test-OrangeHRMTest-3] ERROR ActionDriver - Unable to compare texts: Session ID is null. Using WebDriver after calling quit()?
Build info: version: '4.39.0', revision: '126f156aee'
System info: os.name: 'Windows 11', os.arch: 'amd64', os.version: '10.0', java.version: '23'
Driver info: org.openqa.selenium.chrome.ChromeDriver
Command: [null, findElement {using=xpath, value=//p[text()='Invalid credentials']}]
Capabilities {acceptInsecureCerts: false, browserName: chrome, browserVersion: 143.0.7499.147, chrome: {chromedriverVersion: 143.0.7499.169 (164b20aab62..., userDataDir: C:\Users\pinku\AppData\Loca...}, fedcm:accounts: true, goog:chromeOptions: {debuggerAddress: localhost:61845}, goog:processID: 17856, networkConnectionEnabled: false, pageLoadStrategy: normal, platformName: windows, proxy: Proxy(), se:cdp: ws://localhost:61845/devtoo..., se:cdpVersion: 143.0.7499.147, setWindowRect: true, strictFileInteractability: false, timeouts: {implicit: 0, pageLoad: 300000, script: 30000}, unhandledPromptBehavior: dismiss and notify, webauthn:extension:credBlob: true, webauthn:extension:largeBlob: true, webauthn:extension:minPinLength: true, webauthn:extension:prf: true, webauthn:virtualAuthenticators: true}
2025-12-26 19:45:46 [TestNG-test-OrangeHRMTest-1] ERROR BaseClass - This is a Error message
2025-12-26 19:45:46 [TestNG-test-OrangeHRMTest-1] FATAL BaseClass - This is a Fatal message
2025-12-26 19:45:46 [TestNG-test-OrangeHRMTest-3] ERROR BaseClass - This is a Error message
2025-12-26 19:45:46 [TestNG-test-OrangeHRMTest-3] FATAL BaseClass - This is a Fatal message
2025-12-26 19:45:46 [TestNG-test-OrangeHRMTest-4] ERROR BaseClass - This is a Error message
2025-12-26 19:45:46 [TestNG-test-OrangeHRMTest-4] FATAL BaseClass - This is a Fatal message
2025-12-26 19:45:47 [TestNG-test-OrangeHRMTest-2] ERROR BaseClass - This is a Error message
2025-12-26 19:45:47 [TestNG-test-OrangeHRMTest-2] FATAL BaseClass - This is a Fatal message
2025-12-26 19:45:56 [TestNG-test-OrangeHRMTest-3] ERROR BaseClass - This is a Error message
2025-12-26 19:45:56 [TestNG-test-OrangeHRMTest-3] FATAL BaseClass - This is a Fatal message
2025-12-26 19:56:02 [TestNG-test-OrangeHRMTest-3] ERROR BaseClass - This is a Error message
2025-12-26 19:56:02 [TestNG-test-OrangeHRMTest-3] FATAL BaseClass - This is a Fatal message
2025-12-26 19:56:02 [TestNG-test-OrangeHRMTest-1] ERROR BaseClass - This is a Error message
2025-12-26 19:56:02 [TestNG-test-OrangeHRMTest-1] FATAL BaseClass - This is a Fatal message
2025-12-26 19:56:05 [TestNG-test-OrangeHRMTest-5] ERROR BaseClass - This is a Error message
2025-12-26 19:56:05 [TestNG-test-OrangeHRMTest-5] FATAL BaseClass - This is a Fatal message
2025-12-26 19:56:06 [TestNG-test-OrangeHRMTest-2] ERROR BaseClass - This is a Error message
2025-12-26 19:56:06 [TestNG-test-OrangeHRMTest-2] FATAL BaseClass - This is a Fatal message
2025-12-26 19:56:09 [TestNG-test-OrangeHRMTest-4] ERROR BaseClass - This is a Error message
2025-12-26 19:56:09 [TestNG-test-OrangeHRMTest-4] FATAL BaseClass - This is a Fatal message
2025-12-26 19:57:02 [TestNG-test-OrangeHRMTest-1] ERROR BaseClass - This is a Error message
2025-12-26 19:57:02 [TestNG-test-OrangeHRMTest-1] FATAL BaseClass - This is a Fatal message
2025-12-26 19:57:03 [TestNG-test-OrangeHRMTest-2] ERROR BaseClass - This is a Error message
2025-12-26 19:57:03 [TestNG-test-OrangeHRMTest-2] FATAL BaseClass - This is a Fatal message
2025-12-26 19:57:03 [TestNG-test-OrangeHRMTest-4] ERROR BaseClass - This is a Error message
2025-12-26 19:57:03 [TestNG-test-OrangeHRMTest-4] FATAL BaseClass - This is a Fatal message
2025-12-26 19:57:04 [TestNG-test-OrangeHRMTest-3] ERROR BaseClass - This is a Error message
2025-12-26 19:57:04 [TestNG-test-OrangeHRMTest-3] FATAL BaseClass - This is a Fatal message
2025-12-26 19:57:14 [TestNG-test-OrangeHRMTest-3] ERROR BaseClass - This is a Error message
2025-12-26 19:57:14 [TestNG-test-OrangeHRMTest-3] FATAL BaseClass - This is a Fatal message
2025-12-26 19:58:17 [TestNG-tests-2] ERROR BaseClass - This is a Error message
2025-12-26 19:58:17 [TestNG-tests-2] FATAL BaseClass - This is a Fatal message
2025-12-26 19:58:17 [TestNG-tests-1] ERROR BaseClass - This is a Error message
2025-12-26 19:58:17 [TestNG-tests-1] FATAL BaseClass - This is a Fatal message
2025-12-26 19:58:25 [TestNG-tests-2] ERROR BaseClass - This is a Error message
2025-12-26 19:58:25 [TestNG-tests-2] FATAL BaseClass - This is a Fatal message
2025-12-26 19:58:25 [TestNG-tests-1] ERROR BaseClass - This is a Error message
2025-12-26 19:58:25 [TestNG-tests-1] FATAL BaseClass - This is a Fatal message
2025-12-26 19:58:33 [TestNG-tests-2] ERROR BaseClass - This is a Error message
2025-12-26 19:58:33 [TestNG-tests-2] FATAL BaseClass - This is a Fatal message
2025-12-26 19:58:33 [TestNG-tests-1] ERROR BaseClass - This is a Error message
2025-12-26 19:58:33 [TestNG-tests-1] FATAL BaseClass - This is a Fatal message
2025-12-26 19:58:43 [TestNG-tests-2] ERROR BaseClass - This is a Error message
2025-12-26 19:58:43 [TestNG-tests-2] FATAL BaseClass - This is a Fatal message
2025-12-26 19:58:44 [TestNG-tests-1] ERROR BaseClass - This is a Error message
2025-12-26 19:58:44 [TestNG-tests-1] FATAL BaseClass - This is a Fatal message
2025-12-26 19:59:02 [TestNG-tests-1] ERROR BaseClass - This is a Error message
2025-12-26 19:59:02 [TestNG-tests-1] FATAL BaseClass - This is a Fatal message
2025-12-26 19:59:03 [TestNG-tests-2] ERROR BaseClass - This is a Error message
2025-12-26 19:59:03 [TestNG-tests-2] FATAL BaseClass - This is a Fatal message
2025-12-26 19:59:36 [TestNG-tests-1] ERROR BaseClass - This is a Error message
2025-12-26 19:59:36 [TestNG-tests-1] FATAL BaseClass - This is a Fatal message
2025-12-26 19:59:44 [TestNG-tests-1] ERROR BaseClass - This is a Error message
2025-12-26 19:59:44 [TestNG-tests-1] FATAL BaseClass - This is a Fatal message
2025-12-26 19:59:51 [TestNG-tests-1] ERROR BaseClass - This is a Error message
2025-12-26 19:59:51 [TestNG-tests-1] FATAL BaseClass - This is a Fatal message
2025-12-26 20:00:01 [TestNG-tests-1] ERROR BaseClass - This is a Error message
2025-12-26 20:00:01 [TestNG-tests-1] FATAL BaseClass - This is a Fatal message
2025-12-26 20:00:17 [TestNG-tests-1] ERROR BaseClass - This is a Error message
2025-12-26 20:00:17 [TestNG-tests-1] FATAL BaseClass - This is a Fatal message
2025-12-27 13:21:33 [TestNG-test-OrangeHRMTest-1] ERROR BaseClass - This is a Error message
2025-12-27 13:21:33 [TestNG-test-OrangeHRMTest-1] FATAL BaseClass - This is a Fatal message
2025-12-27 13:21:35 [TestNG-test-OrangeHRMTest-2] ERROR BaseClass - This is a Error message
2025-12-27 13:21:35 [TestNG-test-OrangeHRMTest-2] FATAL BaseClass - This is a Fatal message
2025-12-27 13:21:39 [TestNG-test-OrangeHRMTest-3] ERROR BaseClass - This is a Error message
2025-12-27 13:21:39 [TestNG-test-OrangeHRMTest-3] FATAL BaseClass - This is a Fatal message
2025-12-27 13:21:41 [TestNG-test-OrangeHRMTest-5] ERROR BaseClass - This is a Error message
2025-12-27 13:21:41 [TestNG-test-OrangeHRMTest-5] FATAL BaseClass - This is a Fatal message
2025-12-27 13:21:50 [TestNG-test-OrangeHRMTest-4] ERROR BaseClass - This is a Error message
2025-12-27 13:21:50 [TestNG-test-OrangeHRMTest-4] FATAL BaseClass - This is a Fatal message
2025-12-27 13:23:09 [TestNG-test-OrangeHRMTest-4] ERROR BaseClass - This is a Error message
2025-12-27 13:23:09 [TestNG-test-OrangeHRMTest-4] FATAL BaseClass - This is a Fatal message
2025-12-27 13:23:10 [TestNG-test-OrangeHRMTest-5] ERROR BaseClass - This is a Error message
2025-12-27 13:23:10 [TestNG-test-OrangeHRMTest-5] FATAL BaseClass - This is a Fatal message
2025-12-27 13:23:10 [TestNG-test-OrangeHRMTest-2] ERROR BaseClass - This is a Error message
2025-12-27 13:23:10 [TestNG-test-OrangeHRMTest-2] FATAL BaseClass - This is a Fatal message
2025-12-27 13:23:10 [TestNG-test-OrangeHRMTest-1] ERROR BaseClass - This is a Error message
2025-12-27 13:23:10 [TestNG-test-OrangeHRMTest-1] FATAL BaseClass - This is a Fatal message
2025-12-27 13:23:16 [TestNG-test-OrangeHRMTest-3] ERROR BaseClass - This is a Error message
2025-12-27 13:23:16 [TestNG-test-OrangeHRMTest-3] FATAL BaseClass - This is a Fatal message
2025-12-28 00:09:03 [TestNG-test-OrangeHRMTest-2] ERROR BaseClass - This is a Error message
2025-12-28 00:09:03 [TestNG-test-OrangeHRMTest-2] FATAL BaseClass - This is a Fatal message
2025-12-28 00:09:04 [TestNG-test-OrangeHRMTest-1] ERROR BaseClass - This is a Error message
2025-12-28 00:09:04 [TestNG-test-OrangeHRMTest-1] FATAL BaseClass - This is a Fatal message
2025-12-28 00:09:06 [TestNG-test-OrangeHRMTest-3] ERROR BaseClass - This is a Error message
2025-12-28 00:09:06 [TestNG-test-OrangeHRMTest-3] FATAL BaseClass - This is a Fatal message
2025-12-28 00:09:06 [TestNG-test-OrangeHRMTest-4] ERROR BaseClass - This is a Error message
2025-12-28 00:09:06 [TestNG-test-OrangeHRMTest-4] FATAL BaseClass - This is a Fatal message
2025-12-28 00:09:16 [TestNG-test-OrangeHRMTest-3] ERROR BaseClass - This is a Error message
2025-12-28 00:09:16 [TestNG-test-OrangeHRMTest-3] FATAL BaseClass - This is a Fatal message
2025-12-28 00:21:59 [TestNG-test-OrangeHRMTest-3] ERROR BaseClass - This is a Error message
2025-12-28 00:21:59 [TestNG-test-OrangeHRMTest-3] FATAL BaseClass - This is a Fatal message
2025-12-28 00:21:59 [TestNG-test-OrangeHRMTest-1] ERROR BaseClass - This is a Error message
2025-12-28 00:21:59 [TestNG-test-OrangeHRMTest-1] FATAL BaseClass - This is a Fatal message
2025-12-28 00:21:59 [TestNG-test-OrangeHRMTest-2] ERROR BaseClass - This is a Error message
2025-12-28 00:21:59 [TestNG-test-OrangeHRMTest-2] FATAL BaseClass - This is a Fatal message
2025-12-28 00:21:59 [TestNG-test-OrangeHRMTest-4] ERROR BaseClass - This is a Error message
2025-12-28 00:21:59 [TestNG-test-OrangeHRMTest-4] FATAL BaseClass - This is a Fatal message
2025-12-28 00:22:04 [TestNG-test-OrangeHRMTest-4] ERROR ActionDriver - Element is not displayed: java.io.IOException: The filename, directory name, or volume label syntax is incorrect
2025-12-28 00:22:11 [TestNG-test-OrangeHRMTest-3] ERROR BaseClass - This is a Error message
2025-12-28 00:22:11 [TestNG-test-OrangeHRMTest-3] FATAL BaseClass - This is a Fatal message
2025-12-28 00:22:15 [TestNG-test-OrangeHRMTest-3] ERROR ActionDriver - Element is not displayed: java.io.IOException: The filename, directory name, or volume label syntax is incorrect
2025-12-28 00:23:35 [TestNG-test-OrangeHRMTest-4] ERROR BaseClass - This is a Error message
2025-12-28 00:23:35 [TestNG-test-OrangeHRMTest-2] ERROR BaseClass - This is a Error message
2025-12-28 00:23:35 [TestNG-test-OrangeHRMTest-4] FATAL BaseClass - This is a Fatal message
2025-12-28 00:23:35 [TestNG-test-OrangeHRMTest-2] FATAL BaseClass - This is a Fatal message
2025-12-28 00:23:36 [TestNG-test-OrangeHRMTest-3] ERROR BaseClass - This is a Error message
2025-12-28 00:23:36 [TestNG-test-OrangeHRMTest-3] FATAL BaseClass - This is a Fatal message
2025-12-28 00:23:37 [TestNG-test-OrangeHRMTest-1] ERROR BaseClass - This is a Error message
2025-12-28 00:23:37 [TestNG-test-OrangeHRMTest-1] FATAL BaseClass - This is a Fatal message
2025-12-28 00:23:40 [TestNG-test-OrangeHRMTest-4] ERROR ActionDriver - Element is not displayed: java.io.IOException: The filename, directory name, or volume label syntax is incorrect
2025-12-28 00:23:48 [TestNG-test-OrangeHRMTest-3] ERROR BaseClass - This is a Error message
2025-12-28 00:23:48 [TestNG-test-OrangeHRMTest-3] FATAL BaseClass - This is a Fatal message
2025-12-28 00:23:51 [TestNG-test-OrangeHRMTest-3] ERROR ActionDriver - Element is not displayed: java.io.IOException: The filename, directory name, or volume label syntax is incorrect
2025-12-28 00:26:19 [main] ERROR BaseClass - This is a Error message
2025-12-28 00:26:19 [main] FATAL BaseClass - This is a Fatal message
2025-12-28 00:26:23 [main] ERROR ActionDriver - Element is not displayed: java.io.IOException: The filename, directory name, or volume label syntax is incorrect
2025-12-28 00:27:41 [main] ERROR BaseClass - This is a Error message
2025-12-28 00:27:41 [main] FATAL BaseClass - This is a Fatal message
2025-12-28 00:28:15 [main] ERROR ActionDriver - Element is not displayed: java.io.IOException: The filename, directory name, or volume label syntax is incorrect
2025-12-28 00:34:54 [TestNG-test-OrangeHRMTest-1] ERROR BaseClass - This is a Error message
2025-12-28 00:34:54 [TestNG-test-OrangeHRMTest-1] FATAL BaseClass - This is a Fatal message
2025-12-28 00:34:54 [TestNG-test-OrangeHRMTest-3] ERROR BaseClass - This is a Error message
2025-12-28 00:34:54 [TestNG-test-OrangeHRMTest-3] FATAL BaseClass - This is a Fatal message
2025-12-28 00:34:54 [TestNG-test-OrangeHRMTest-2] ERROR BaseClass - This is a Error message
2025-12-28 00:34:54 [TestNG-test-OrangeHRMTest-2] FATAL BaseClass - This is a Fatal message
2025-12-28 00:34:55 [TestNG-test-OrangeHRMTest-4] ERROR BaseClass - This is a Error message
2025-12-28 00:34:55 [TestNG-test-OrangeHRMTest-4] FATAL BaseClass - This is a Fatal message
2025-12-28 00:35:01 [TestNG-test-OrangeHRMTest-4] ERROR ActionDriver - Element is not displayed: java.io.IOException: The filename, directory name, or volume label syntax is incorrect
2025-12-28 00:35:06 [TestNG-test-OrangeHRMTest-3] ERROR BaseClass - This is a Error message
2025-12-28 00:35:06 [TestNG-test-OrangeHRMTest-3] FATAL BaseClass - This is a Fatal message
2025-12-28 00:35:09 [TestNG-test-OrangeHRMTest-3] ERROR ActionDriver - Element is not displayed: java.io.IOException: The filename, directory name, or volume label syntax is incorrect
2025-12-28 00:49:24 [TestNG-test-OrangeHRMTest-2] ERROR BaseClass - This is a Error message
2025-12-28 00:49:24 [TestNG-test-OrangeHRMTest-2] FATAL BaseClass - This is a Fatal message
2025-12-28 00:49:24 [TestNG-test-OrangeHRMTest-1] ERROR BaseClass - This is a Error message
2025-12-28 00:49:24 [TestNG-test-OrangeHRMTest-1] FATAL BaseClass - This is a Fatal message
2025-12-28 00:49:24 [TestNG-test-OrangeHRMTest-3] ERROR BaseClass - This is a Error message
2025-12-28 00:49:24 [TestNG-test-OrangeHRMTest-3] FATAL BaseClass - This is a Fatal message
2025-12-28 00:49:26 [TestNG-test-OrangeHRMTest-4] ERROR BaseClass - This is a Error message
2025-12-28 00:49:26 [TestNG-test-OrangeHRMTest-4] FATAL BaseClass - This is a Fatal message
2025-12-28 00:49:36 [TestNG-test-OrangeHRMTest-3] ERROR BaseClass - This is a Error message
2025-12-28 00:49:36 [TestNG-test-OrangeHRMTest-3] FATAL BaseClass - This is a Fatal message
2025-12-28 00:52:05 [TestNG-test-OrangeHRMTest-2] ERROR BaseClass - This is a Error message
2025-12-28 00:52:05 [TestNG-test-OrangeHRMTest-2] FATAL BaseClass - This is a Fatal message
2025-12-28 00:52:05 [TestNG-test-OrangeHRMTest-4] ERROR BaseClass - This is a Error message
2025-12-28 00:52:05 [TestNG-test-OrangeHRMTest-4] FATAL BaseClass - This is a Fatal message
2025-12-28 00:52:05 [TestNG-test-OrangeHRMTest-1] ERROR BaseClass - This is a Error message
2025-12-28 00:52:05 [TestNG-test-OrangeHRMTest-1] FATAL BaseClass - This is a Fatal message
2025-12-28 00:52:06 [TestNG-test-OrangeHRMTest-3] ERROR BaseClass - This is a Error message
2025-12-28 00:52:06 [TestNG-test-OrangeHRMTest-3] FATAL BaseClass - This is a Fatal message
2025-12-28 00:52:09 [TestNG-test-OrangeHRMTest-4] ERROR ActionDriver - Element is not displayed: java.io.IOException: The filename, directory name, or volume label syntax is incorrect
2025-12-28 00:52:17 [TestNG-test-OrangeHRMTest-3] ERROR BaseClass - This is a Error message
2025-12-28 00:52:17 [TestNG-test-OrangeHRMTest-3] FATAL BaseClass - This is a Fatal message
2025-12-28 00:52:20 [TestNG-test-OrangeHRMTest-3] ERROR ActionDriver - Element is not displayed: java.io.IOException: The filename, directory name, or volume label syntax is incorrect
2025-12-28 00:54:18 [TestNG-test-OrangeHRMTest-4] ERROR BaseClass - This is a Error message
2025-12-28 00:54:18 [TestNG-test-OrangeHRMTest-4] FATAL BaseClass - This is a Fatal message
2025-12-28 00:54:18 [TestNG-test-OrangeHRMTest-1] ERROR BaseClass - This is a Error message
2025-12-28 00:54:18 [TestNG-test-OrangeHRMTest-1] FATAL BaseClass - This is a Fatal message
2025-12-28 00:54:18 [TestNG-test-OrangeHRMTest-3] ERROR BaseClass - This is a Error message
2025-12-28 00:54:18 [TestNG-test-OrangeHRMTest-3] FATAL BaseClass - This is a Fatal message
2025-12-28 00:54:18 [TestNG-test-OrangeHRMTest-2] ERROR BaseClass - This is a Error message
2025-12-28 00:54:18 [TestNG-test-OrangeHRMTest-2] FATAL BaseClass - This is a Fatal message
2025-12-28 00:54:22 [TestNG-test-OrangeHRMTest-4] ERROR ActionDriver - Element is not displayed: java.io.IOException: The filename, directory name, or volume label syntax is incorrect
2025-12-28 00:54:28 [TestNG-test-OrangeHRMTest-3] ERROR BaseClass - This is a Error message
2025-12-28 00:54:28 [TestNG-test-OrangeHRMTest-3] FATAL BaseClass - This is a Fatal message
2025-12-28 00:54:32 [TestNG-test-OrangeHRMTest-3] ERROR ActionDriver - Element is not displayed: java.io.IOException: The filename, directory name, or volume label syntax is incorrect
2025-12-28 01:06:27 [TestNG-test-OrangeHRMTest-2] ERROR BaseClass - This is a Error message
2025-12-28 01:06:27 [TestNG-test-OrangeHRMTest-2] FATAL BaseClass - This is a Fatal message
2025-12-28 01:06:28 [TestNG-test-OrangeHRMTest-1] ERROR BaseClass - This is a Error message
2025-12-28 01:06:28 [TestNG-test-OrangeHRMTest-1] FATAL BaseClass - This is a Fatal message
2025-12-28 01:06:28 [TestNG-test-OrangeHRMTest-3] ERROR BaseClass - This is a Error message
2025-12-28 01:06:28 [TestNG-test-OrangeHRMTest-3] FATAL BaseClass - This is a Fatal message
2025-12-28 01:06:29 [TestNG-test-OrangeHRMTest-4] ERROR BaseClass - This is a Error message
2025-12-28 01:06:29 [TestNG-test-OrangeHRMTest-4] FATAL BaseClass - This is a Fatal message
2025-12-28 01:06:40 [TestNG-test-OrangeHRMTest-3] ERROR BaseClass - This is a Error message
2025-12-28 01:06:40 [TestNG-test-OrangeHRMTest-3] FATAL BaseClass - This is a Fatal message
2025-12-28 15:00:19 [TestNG-test-OrangeHRMTest-4] ERROR BaseClass - This is a Error message
2025-12-28 15:00:19 [TestNG-test-OrangeHRMTest-4] FATAL BaseClass - This is a Fatal message
2025-12-28 15:00:22 [TestNG-test-OrangeHRMTest-1] ERROR BaseClass - This is a Error message
2025-12-28 15:00:22 [TestNG-test-OrangeHRMTest-3] ERROR BaseClass - This is a Error message
2025-12-28 15:00:22 [TestNG-test-OrangeHRMTest-3] FATAL BaseClass - This is a Fatal message
2025-12-28 15:00:22 [TestNG-test-OrangeHRMTest-1] FATAL BaseClass - This is a Fatal message
2025-12-28 15:00:25 [TestNG-test-OrangeHRMTest-2] ERROR BaseClass - This is a Error message
2025-12-28 15:00:25 [TestNG-test-OrangeHRMTest-2] FATAL BaseClass - This is a Fatal message
2025-12-28 15:00:36 [TestNG-test-OrangeHRMTest-3] ERROR BaseClass - This is a Error message
2025-12-28 15:00:36 [TestNG-test-OrangeHRMTest-3] FATAL BaseClass - This is a Fatal message
2025-12-28 16:18:11 [TestNG-test-OrangeHRMTest-1] ERROR BaseClass - This is a Error message
2025-12-28 16:18:11 [TestNG-test-OrangeHRMTest-1] FATAL BaseClass - This is a Fatal message
2025-12-28 16:18:11 [TestNG-test-OrangeHRMTest-3] ERROR BaseClass - This is a Error message
2025-12-28 16:18:11 [TestNG-test-OrangeHRMTest-3] FATAL BaseClass - This is a Fatal message
2025-12-28 16:18:11 [TestNG-test-OrangeHRMTest-2] ERROR BaseClass - This is a Error message
2025-12-28 16:18:11 [TestNG-test-OrangeHRMTest-2] FATAL BaseClass - This is a Fatal message
2025-12-28 16:18:11 [TestNG-test-OrangeHRMTest-4] ERROR BaseClass - This is a Error message
2025-12-28 16:18:11 [TestNG-test-OrangeHRMTest-4] FATAL BaseClass - This is a Fatal message
2025-12-28 16:18:19 [TestNG-test-OrangeHRMTest-3] ERROR BaseClass - This is a Error message
2025-12-28 16:18:19 [TestNG-test-OrangeHRMTest-3] FATAL BaseClass - This is a Fatal message
2025-12-28 16:47:06 [TestNG-test-OrangeHRMTest-4] ERROR BaseClass - This is a Error message
2025-12-28 16:47:06 [TestNG-test-OrangeHRMTest-4] FATAL BaseClass - This is a Fatal message
2025-12-28 16:47:08 [TestNG-test-OrangeHRMTest-2] ERROR BaseClass - This is a Error message
2025-12-28 16:47:08 [TestNG-test-OrangeHRMTest-2] FATAL BaseClass - This is a Fatal message
2025-12-28 16:47:08 [TestNG-test-OrangeHRMTest-1] ERROR BaseClass - This is a Error message
2025-12-28 16:47:08 [TestNG-test-OrangeHRMTest-1] FATAL BaseClass - This is a Fatal message
2025-12-28 16:47:09 [TestNG-test-OrangeHRMTest-3] ERROR BaseClass - This is a Error message
2025-12-28 16:47:09 [TestNG-test-OrangeHRMTest-3] FATAL BaseClass - This is a Fatal message
2025-12-28 16:47:19 [TestNG-test-OrangeHRMTest-3] ERROR BaseClass - This is a Error message
2025-12-28 16:47:19 [TestNG-test-OrangeHRMTest-3] FATAL BaseClass - This is a Fatal message
2025-12-28 16:48:05 [TestNG-test-OrangeHRMTest-2] ERROR BaseClass - This is a Error message
2025-12-28 16:48:05 [TestNG-test-OrangeHRMTest-2] FATAL BaseClass - This is a Fatal message
2025-12-28 16:48:05 [TestNG-test-OrangeHRMTest-3] ERROR BaseClass - This is a Error message
2025-12-28 16:48:05 [TestNG-test-OrangeHRMTest-4] ERROR BaseClass - This is a Error message
2025-12-28 16:48:05 [TestNG-test-OrangeHRMTest-3] FATAL BaseClass - This is a Fatal message
2025-12-28 16:48:05 [TestNG-test-OrangeHRMTest-4] FATAL BaseClass - This is a Fatal message
2025-12-28 16:48:06 [TestNG-test-OrangeHRMTest-1] ERROR BaseClass - This is a Error message
2025-12-28 16:48:06 [TestNG-test-OrangeHRMTest-1] FATAL BaseClass - This is a Fatal message
2025-12-28 16:48:16 [TestNG-test-OrangeHRMTest-3] ERROR BaseClass - This is a Error message
2025-12-28 16:48:16 [TestNG-test-OrangeHRMTest-3] FATAL BaseClass - This is a Fatal message
2025-12-28 16:52:16 [TestNG-test-OrangeHRMTest-3] ERROR BaseClass - This is a Error message
2025-12-28 16:52:16 [TestNG-test-OrangeHRMTest-3] FATAL BaseClass - This is a Fatal message
2025-12-28 16:52:17 [TestNG-test-OrangeHRMTest-1] ERROR BaseClass - This is a Error message
2025-12-28 16:52:17 [TestNG-test-OrangeHRMTest-1] FATAL BaseClass - This is a Fatal message
2025-12-28 16:52:17 [TestNG-test-OrangeHRMTest-4] ERROR BaseClass - This is a Error message
2025-12-28 16:52:17 [TestNG-test-OrangeHRMTest-4] FATAL BaseClass - This is a Fatal message
2025-12-28 16:52:20 [TestNG-test-OrangeHRMTest-3] ERROR ActionDriver - Texts are not Matching: Invalid credentials not equals Invalid credentials1
2025-12-28 16:52:21 [TestNG-test-OrangeHRMTest-2] ERROR BaseClass - This is a Error message
2025-12-28 16:52:21 [TestNG-test-OrangeHRMTest-2] FATAL BaseClass - This is a Fatal message
2025-12-28 16:52:29 [TestNG-test-OrangeHRMTest-3] ERROR BaseClass - This is a Error message
2025-12-28 16:52:29 [TestNG-test-OrangeHRMTest-3] FATAL BaseClass - This is a Fatal message
2025-12-28 16:54:15 [TestNG-test-OrangeHRMTest-2] ERROR BaseClass - This is a Error message
2025-12-28 16:54:15 [TestNG-test-OrangeHRMTest-2] FATAL BaseClass - This is a Fatal message
2025-12-28 16:54:15 [TestNG-test-OrangeHRMTest-1] ERROR BaseClass - This is a Error message
2025-12-28 16:54:15 [TestNG-test-OrangeHRMTest-1] FATAL BaseClass - This is a Fatal message
2025-12-28 16:54:16 [TestNG-test-OrangeHRMTest-4] ERROR BaseClass - This is a Error message
2025-12-28 16:54:16 [TestNG-test-OrangeHRMTest-4] FATAL BaseClass - This is a Fatal message
2025-12-28 16:54:18 [TestNG-test-OrangeHRMTest-3] ERROR BaseClass - This is a Error message
2025-12-28 16:54:18 [TestNG-test-OrangeHRMTest-3] FATAL BaseClass - This is a Fatal message
2025-12-28 16:54:21 [TestNG-test-OrangeHRMTest-3] ERROR ActionDriver - Texts are not Matching: Invalid credentials not equals Invalid credentials1
2025-12-28 16:54:29 [TestNG-test-OrangeHRMTest-3] ERROR BaseClass - This is a Error message
2025-12-28 16:54:29 [TestNG-test-OrangeHRMTest-3] FATAL BaseClass - This is a Fatal message
2025-12-28 16:56:58 [TestNG-test-OrangeHRMTest-2] ERROR BaseClass - This is a Error message
2025-12-28 16:56:58 [TestNG-test-OrangeHRMTest-2] FATAL BaseClass - This is a Fatal message
2025-12-28 16:57:00 [TestNG-test-OrangeHRMTest-1] ERROR BaseClass - This is a Error message
2025-12-28 16:57:00 [TestNG-test-OrangeHRMTest-1] FATAL BaseClass - This is a Fatal message
2025-12-28 16:57:01 [TestNG-test-OrangeHRMTest-4] ERROR BaseClass - This is a Error message
2025-12-28 16:57:01 [TestNG-test-OrangeHRMTest-3] ERROR BaseClass - This is a Error message
2025-12-28 16:57:01 [TestNG-test-OrangeHRMTest-4] FATAL BaseClass - This is a Fatal message
2025-12-28 16:57:01 [TestNG-test-OrangeHRMTest-3] FATAL BaseClass - This is a Fatal message
2025-12-28 16:57:11 [TestNG-test-OrangeHRMTest-3] ERROR BaseClass - This is a Error message
2025-12-28 16:57:11 [TestNG-test-OrangeHRMTest-3] FATAL BaseClass - This is a Fatal message
2025-12-28 17:05:22 [TestNG-test-OrangeHRMTest-1] ERROR BaseClass - This is a Error message
2025-12-28 17:05:22 [TestNG-test-OrangeHRMTest-1] FATAL BaseClass - This is a Fatal message
2025-12-28 17:05:22 [TestNG-test-OrangeHRMTest-2] ERROR BaseClass - This is a Error message
2025-12-28 17:05:22 [TestNG-test-OrangeHRMTest-2] FATAL BaseClass - This is a Fatal message
2025-12-28 17:05:22 [TestNG-test-OrangeHRMTest-3] ERROR BaseClass - This is a Error message
2025-12-28 17:05:22 [TestNG-test-OrangeHRMTest-3] FATAL BaseClass - This is a Fatal message
2025-12-28 17:05:22 [TestNG-test-OrangeHRMTest-4] ERROR BaseClass - This is a Error message
2025-12-28 17:05:22 [TestNG-test-OrangeHRMTest-4] FATAL BaseClass - This is a Fatal message
2025-12-28 17:05:36 [TestNG-test-OrangeHRMTest-3] ERROR BaseClass - This is a Error message
2025-12-28 17:05:36 [TestNG-test-OrangeHRMTest-3] FATAL BaseClass - This is a Fatal message
2025-12-28 21:14:02 [TestNG-test-OrangeHRMTest-3] ERROR BaseClass - This is a Error message
2025-12-28 21:14:02 [TestNG-test-OrangeHRMTest-3] FATAL BaseClass - This is a Fatal message
2025-12-28 21:14:02 [TestNG-test-OrangeHRMTest-4] ERROR BaseClass - This is a Error message
2025-12-28 21:14:02 [TestNG-test-OrangeHRMTest-4] FATAL BaseClass - This is a Fatal message
2025-12-28 21:14:02 [TestNG-test-OrangeHRMTest-1] ERROR BaseClass - This is a Error message
2025-12-28 21:14:02 [TestNG-test-OrangeHRMTest-1] FATAL BaseClass - This is a Fatal message
2025-12-28 21:14:02 [TestNG-test-OrangeHRMTest-2] ERROR BaseClass - This is a Error message
2025-12-28 21:14:02 [TestNG-test-OrangeHRMTest-2] FATAL BaseClass - This is a Fatal message
2025-12-28 21:14:16 [TestNG-test-OrangeHRMTest-3] ERROR BaseClass - This is a Error message
2025-12-28 21:14:16 [TestNG-test-OrangeHRMTest-3] FATAL BaseClass - This is a Fatal message
2025-12-28 21:15:22 [TestNG-test-OrangeHRMTest-3] ERROR BaseClass - This is a Error message
2025-12-28 21:15:22 [TestNG-test-OrangeHRMTest-3] FATAL BaseClass - This is a Fatal message
2025-12-28 21:15:23 [TestNG-test-OrangeHRMTest-2] ERROR BaseClass - This is a Error message
2025-12-28 21:15:23 [TestNG-test-OrangeHRMTest-2] FATAL BaseClass - This is a Fatal message
2025-12-28 21:15:23 [TestNG-test-OrangeHRMTest-1] ERROR BaseClass - This is a Error message
2025-12-28 21:15:23 [TestNG-test-OrangeHRMTest-1] FATAL BaseClass - This is a Fatal message
2025-12-28 21:15:23 [TestNG-test-OrangeHRMTest-4] ERROR BaseClass - This is a Error message
2025-12-28 21:15:23 [TestNG-test-OrangeHRMTest-4] FATAL BaseClass - This is a Fatal message
2025-12-28 21:15:34 [TestNG-test-OrangeHRMTest-3] ERROR BaseClass - This is a Error message
2025-12-28 21:15:34 [TestNG-test-OrangeHRMTest-3] FATAL BaseClass - This is a Fatal message
2025-12-28 21:24:15 [TestNG-test-OrangeHRMTest-2] ERROR BaseClass - This is a Error message
2025-12-28 21:24:16 [TestNG-test-OrangeHRMTest-2] FATAL BaseClass - This is a Fatal message
2025-12-28 21:24:18 [TestNG-test-OrangeHRMTest-1] ERROR BaseClass - This is a Error message
2025-12-28 21:24:18 [TestNG-test-OrangeHRMTest-1] FATAL BaseClass - This is a Fatal message
2025-12-28 21:24:18 [TestNG-test-OrangeHRMTest-4] ERROR BaseClass - This is a Error message
2025-12-28 21:24:18 [TestNG-test-OrangeHRMTest-4] FATAL BaseClass - This is a Fatal message
2025-12-28 21:24:18 [TestNG-test-OrangeHRMTest-3] ERROR BaseClass - This is a Error message
2025-12-28 21:24:18 [TestNG-test-OrangeHRMTest-3] FATAL BaseClass - This is a Fatal message
2025-12-28 21:24:22 [TestNG-test-OrangeHRMTest-3] ERROR ActionDriver - Texts are not Matching: Invalid credentials not equals Invalid credentials1
2025-12-28 21:24:30 [TestNG-test-OrangeHRMTest-3] ERROR BaseClass - This is a Error message
2025-12-28 21:24:30 [TestNG-test-OrangeHRMTest-3] FATAL BaseClass - This is a Fatal message
2025-12-28 21:26:05 [TestNG-test-OrangeHRMTest-2] ERROR BaseClass - This is a Error message
2025-12-28 21:26:05 [TestNG-test-OrangeHRMTest-2] FATAL BaseClass - This is a Fatal message
2025-12-28 21:26:06 [TestNG-test-OrangeHRMTest-1] ERROR BaseClass - This is a Error message
2025-12-28 21:26:06 [TestNG-test-OrangeHRMTest-1] FATAL BaseClass - This is a Fatal message
2025-12-28 21:26:06 [TestNG-test-OrangeHRMTest-3] ERROR BaseClass - This is a Error message
2025-12-28 21:26:06 [TestNG-test-OrangeHRMTest-3] FATAL BaseClass - This is a Fatal message
2025-12-28 21:26:06 [TestNG-test-OrangeHRMTest-4] ERROR BaseClass - This is a Error message
2025-12-28 21:26:06 [TestNG-test-OrangeHRMTest-4] FATAL BaseClass - This is a Fatal message
2025-12-28 21:26:17 [TestNG-test-OrangeHRMTest-3] ERROR BaseClass - This is a Error message
2025-12-28 21:26:17 [TestNG-test-OrangeHRMTest-3] FATAL BaseClass - This is a Fatal message
